package test

// Code generated by github.com/launchdarkly/go-options.  DO NOT EDIT.

type NoCmpOrStringerOption func(c *configWithoutCmpOrStringer) error

func newConfigWithoutCmpOrStringer(options ...NoCmpOrStringerOption) (configWithoutCmpOrStringer, error) {
	var c configWithoutCmpOrStringer
	err := applyConfigWithoutCmpOrStringerOptions(&c, options...)
	return c, err
}

func applyConfigWithoutCmpOrStringerOptions(c *configWithoutCmpOrStringer, options ...NoCmpOrStringerOption) error {
	for _, o := range options {
		if err := o(c); err != nil {
			return err
		}
	}
	return nil
}

func NoCmpOrStringerOptionMyInt(o int) NoCmpOrStringerOption {
	return func(c *configWithoutCmpOrStringer) error {
		c.myInt = o
		return nil
	}
}
